C:/TouchGFXProjects/Teste_pixel/Core/Src/main.c:865:6:StartDefaultTask	8	static
C:/TouchGFXProjects/Teste_pixel/Core/Src/main.c:248:6:SystemClock_Config	88	static
C:/TouchGFXProjects/Teste_pixel/Core/Src/main.c:796:6:GetManufacturerId	72	static
C:/TouchGFXProjects/Teste_pixel/Core/Src/main.c:826:6:EnableMemoryMappedMode	72	static
C:/TouchGFXProjects/Teste_pixel/Core/Src/main.c:139:5:main	128	static,ignoring_inline_asm
C:/TouchGFXProjects/Teste_pixel/Core/Src/main.c:921:6:HAL_TIM_PeriodElapsedCallback	0	static
C:/TouchGFXProjects/Teste_pixel/Core/Src/main.c:939:6:Error_Handler	0	static
