C:/TouchGFXProjects/Teste_pixel/Core/Src/main.c:865:6:StartDefaultTask	1
C:/TouchGFXProjects/Teste_pixel/Core/Src/main.c:248:6:SystemClock_Config	1
C:/TouchGFXProjects/Teste_pixel/Core/Src/main.c:796:6:GetManufacturerId	1
C:/TouchGFXProjects/Teste_pixel/Core/Src/main.c:826:6:EnableMemoryMappedMode	1
C:/TouchGFXProjects/Teste_pixel/Core/Src/main.c:139:5:main	3
C:/TouchGFXProjects/Teste_pixel/Core/Src/main.c:921:6:HAL_TIM_PeriodElapsedCallback	2
C:/TouchGFXProjects/Teste_pixel/Core/Src/main.c:939:6:Error_Handler	1
