C:/TouchGFXProjects/Teste_pixel/Core/Src/stm32f7xx_hal_msp.c:64:6:HAL_MspInit	8	static
C:/TouchGFXProjects/Teste_pixel/Core/Src/stm32f7xx_hal_msp.c:89:6:HAL_ADC_MspInit	40	static
C:/TouchGFXProjects/Teste_pixel/Core/Src/stm32f7xx_hal_msp.c:123:6:HAL_ADC_MspDeInit	0	static
C:/TouchGFXProjects/Teste_pixel/Core/Src/stm32f7xx_hal_msp.c:151:6:HAL_CRC_MspInit	8	static
C:/TouchGFXProjects/Teste_pixel/Core/Src/stm32f7xx_hal_msp.c:174:6:HAL_CRC_MspDeInit	0	static
C:/TouchGFXProjects/Teste_pixel/Core/Src/stm32f7xx_hal_msp.c:196:6:HAL_DMA2D_MspInit	16	static
C:/TouchGFXProjects/Teste_pixel/Core/Src/stm32f7xx_hal_msp.c:222:6:HAL_DMA2D_MspDeInit	0	static
C:/TouchGFXProjects/Teste_pixel/Core/Src/stm32f7xx_hal_msp.c:247:6:HAL_I2C_MspInit	168	static
C:/TouchGFXProjects/Teste_pixel/Core/Src/stm32f7xx_hal_msp.c:294:6:HAL_I2C_MspDeInit	8	static
C:/TouchGFXProjects/Teste_pixel/Core/Src/stm32f7xx_hal_msp.c:325:6:HAL_LTDC_MspInit	192	static
C:/TouchGFXProjects/Teste_pixel/Core/Src/stm32f7xx_hal_msp.c:443:6:HAL_LTDC_MspDeInit	8	static
C:/TouchGFXProjects/Teste_pixel/Core/Src/stm32f7xx_hal_msp.c:512:6:HAL_QSPI_MspInit	64	static
C:/TouchGFXProjects/Teste_pixel/Core/Src/stm32f7xx_hal_msp.c:576:6:HAL_QSPI_MspDeInit	8	static
C:/TouchGFXProjects/Teste_pixel/Core/Src/stm32f7xx_hal_msp.c:613:6:HAL_TIM_Base_MspInit	8	static
C:/TouchGFXProjects/Teste_pixel/Core/Src/stm32f7xx_hal_msp.c:636:6:HAL_TIM_Base_MspDeInit	0	static
C:/TouchGFXProjects/Teste_pixel/Core/Src/stm32f7xx_hal_msp.c:760:6:HAL_SDRAM_MspInit	48	static
C:/TouchGFXProjects/Teste_pixel/Core/Src/stm32f7xx_hal_msp.c:846:6:HAL_SDRAM_MspDeInit	8	static
