../../Middlewares/ST/touchgfx/framework/include/touchgfx/Drawable.hpp:315:18:virtual void touchgfx::Drawable::setX(int16_t)	0	static
../../Middlewares/ST/touchgfx/framework/include/touchgfx/Drawable.hpp:327:18:virtual void touchgfx::Drawable::setY(int16_t)	0	static
../../Middlewares/ST/touchgfx/framework/include/touchgfx/Drawable.hpp:356:18:virtual void touchgfx::Drawable::setWidth(int16_t)	0	static
../../Middlewares/ST/touchgfx/framework/include/touchgfx/Drawable.hpp:368:18:virtual void touchgfx::Drawable::setHeight(int16_t)	0	static
../../Middlewares/ST/touchgfx/framework/include/touchgfx/Drawable.hpp:378:18:virtual void touchgfx::Drawable::childGeometryChanged()	0	static
../../Middlewares/ST/touchgfx/framework/include/touchgfx/Drawable.hpp:389:18:virtual void touchgfx::Drawable::handleClickEvent(const touchgfx::ClickEvent&)	0	static
../../Middlewares/ST/touchgfx/framework/include/touchgfx/Drawable.hpp:401:18:virtual void touchgfx::Drawable::handleGestureEvent(const touchgfx::GestureEvent&)	0	static
../../Middlewares/ST/touchgfx/framework/include/touchgfx/Drawable.hpp:490:18:virtual void touchgfx::Drawable::handleDragEvent(const touchgfx::DragEvent&)	0	static
../../Middlewares/ST/touchgfx/framework/include/touchgfx/Drawable.hpp:501:18:virtual void touchgfx::Drawable::handleTickEvent()	0	static
../../Middlewares/ST/touchgfx/framework/include/touchgfx/Drawable.hpp:588:18:virtual void touchgfx::Drawable::moveTo(int16_t, int16_t)	4	static
../../Middlewares/ST/touchgfx/framework/include/touchgfx/containers/Container.hpp:165:23:virtual touchgfx::Drawable* touchgfx::Container::getFirstChild()	0	static
C:/TouchGFXProjects/Teste_pixel/TouchGFX/gui/src/containers/menu_food.cpp:17:6:virtual void menu_food::backMenu()	8	static
../../TouchGFX/gui/include/gui/containers/menu_food.hpp:10:13:menu_food::~menu_food()	8	static
../../TouchGFX/gui/include/gui/containers/menu_food.hpp:10:13:virtual menu_food::~menu_food()	8	static
../../Middlewares/ST/touchgfx/framework/include/touchgfx/Drawable.hpp:121:18:virtual void touchgfx::Drawable::invalidateContent() const	0	static
C:/TouchGFXProjects/Teste_pixel/TouchGFX/gui/src/containers/menu_food.cpp:7:1:menu_food::menu_food()	8	static
C:/TouchGFXProjects/Teste_pixel/TouchGFX/gui/src/containers/menu_food.cpp:28:6:void menu_food::eating_animation(int)	8	static
C:/TouchGFXProjects/Teste_pixel/TouchGFX/gui/src/containers/menu_food.cpp:34:6:virtual void menu_food::eating_animation_button1()	0	static
C:/TouchGFXProjects/Teste_pixel/TouchGFX/gui/src/containers/menu_food.cpp:38:6:virtual void menu_food::eating_animation_button2()	0	static
C:/TouchGFXProjects/Teste_pixel/TouchGFX/gui/src/containers/menu_food.cpp:42:6:virtual void menu_food::eating_animation_button3()	0	static
C:/TouchGFXProjects/Teste_pixel/TouchGFX/gui/src/containers/menu_food.cpp:12:6:virtual void menu_food::initialize()	0	static
