../../TouchGFX/gui/include/gui/screen_game_2_screen/Screen_Game_2Presenter.hpp:28:13:Screen_Game_2Presenter::~Screen_Game_2Presenter()	0	static
C:/TouchGFXProjects/Teste_pixel/TouchGFX/gui/src/screen_game_2_screen/Screen_Game_2Presenter.cpp:10:6:virtual void Screen_Game_2Presenter::activate()	0	static
../../TouchGFX/gui/include/gui/screen_game_2_screen/Screen_Game_2Presenter.hpp:28:13:virtual Screen_Game_2Presenter::~Screen_Game_2Presenter()	8	static
../../TouchGFX/gui/include/gui/screen_game_2_screen/Screen_Game_2Presenter.hpp:28:13:virtual void* Screen_Game_2Presenter::_ZThn4_N22Screen_Game_2PresenterD1Ev()	0	static
C:/TouchGFXProjects/Teste_pixel/TouchGFX/gui/src/screen_game_2_screen/Screen_Game_2Presenter.cpp:4:1:Screen_Game_2Presenter::Screen_Game_2Presenter(Screen_Game_2View&)	0	static
