../../TouchGFX/gui/include/gui/screen_game_3_screen/Screen_Game_3Presenter.hpp:28:13:Screen_Game_3Presenter::~Screen_Game_3Presenter()	0	static
C:/TouchGFXProjects/Teste_pixel/TouchGFX/gui/src/screen_game_3_screen/Screen_Game_3Presenter.cpp:10:6:virtual void Screen_Game_3Presenter::activate()	0	static
../../TouchGFX/gui/include/gui/screen_game_3_screen/Screen_Game_3Presenter.hpp:28:13:virtual Screen_Game_3Presenter::~Screen_Game_3Presenter()	8	static
../../TouchGFX/gui/include/gui/screen_game_3_screen/Screen_Game_3Presenter.hpp:28:13:virtual void* Screen_Game_3Presenter::_ZThn4_N22Screen_Game_3PresenterD1Ev()	0	static
C:/TouchGFXProjects/Teste_pixel/TouchGFX/gui/src/screen_game_3_screen/Screen_Game_3Presenter.cpp:4:1:Screen_Game_3Presenter::Screen_Game_3Presenter(Screen_Game_3View&)	0	static
