../../TouchGFX/gui/include/gui/screen_game_1_screen/Screen_Game_1Presenter.hpp:28:13:Screen_Game_1Presenter::~Screen_Game_1Presenter()	0	static
C:/TouchGFXProjects/Teste_pixel/TouchGFX/gui/src/screen_game_1_screen/Screen_Game_1Presenter.cpp:10:6:virtual void Screen_Game_1Presenter::activate()	0	static
../../TouchGFX/gui/include/gui/screen_game_1_screen/Screen_Game_1Presenter.hpp:28:13:virtual Screen_Game_1Presenter::~Screen_Game_1Presenter()	8	static
../../TouchGFX/gui/include/gui/screen_game_1_screen/Screen_Game_1Presenter.hpp:28:13:virtual void* Screen_Game_1Presenter::_ZThn4_N22Screen_Game_1PresenterD1Ev()	0	static
C:/TouchGFXProjects/Teste_pixel/TouchGFX/gui/src/screen_game_1_screen/Screen_Game_1Presenter.cpp:4:1:Screen_Game_1Presenter::Screen_Game_1Presenter(Screen_Game_1View&)	0	static
