../../Middlewares/ST/touchgfx/framework/include/touchgfx/Screen.hpp:104:18:virtual void touchgfx::Screen::afterTransition()	0	static
../../Middlewares/ST/touchgfx/framework/include/touchgfx/Screen.hpp:144:18:virtual void touchgfx::Screen::handleTickEvent()	0	static
../../Middlewares/ST/touchgfx/framework/include/touchgfx/Screen.hpp:154:18:virtual void touchgfx::Screen::handleKeyEvent(uint8_t)	0	static
C:/TouchGFXProjects/Teste_pixel/TouchGFX/gui/src/screen_game_2_screen/Screen_Game_2View.cpp:13:6:virtual void Screen_Game_2View::tearDownScreen()	0	static
../../TouchGFX/gui/include/gui/screen_game_2_screen/Screen_Game_2View.hpp:11:13:Screen_Game_2View::~Screen_Game_2View()	8	static
../../TouchGFX/gui/include/gui/screen_game_2_screen/Screen_Game_2View.hpp:11:13:virtual Screen_Game_2View::~Screen_Game_2View()	8	static
C:/TouchGFXProjects/Teste_pixel/TouchGFX/gui/src/screen_game_2_screen/Screen_Game_2View.cpp:3:1:Screen_Game_2View::Screen_Game_2View()	8	static
C:/TouchGFXProjects/Teste_pixel/TouchGFX/gui/src/screen_game_2_screen/Screen_Game_2View.cpp:8:6:virtual void Screen_Game_2View::setupScreen()	0	static
