../../TouchGFX/gui/include/gui/screen_main_screen/Screen_MainPresenter.hpp:28:13:Screen_MainPresenter::~Screen_MainPresenter()	0	static
C:/TouchGFXProjects/Teste_pixel/TouchGFX/gui/src/screen_main_screen/Screen_MainPresenter.cpp:10:6:virtual void Screen_MainPresenter::activate()	0	static
../../TouchGFX/gui/include/gui/screen_main_screen/Screen_MainPresenter.hpp:28:13:virtual Screen_MainPresenter::~Screen_MainPresenter()	8	static
../../TouchGFX/gui/include/gui/screen_main_screen/Screen_MainPresenter.hpp:28:13:virtual void* Screen_MainPresenter::_ZThn4_N20Screen_MainPresenterD1Ev()	0	static
C:/TouchGFXProjects/Teste_pixel/TouchGFX/gui/src/screen_main_screen/Screen_MainPresenter.cpp:4:1:Screen_MainPresenter::Screen_MainPresenter(Screen_MainView&)	0	static
