../../Middlewares/ST/touchgfx/framework/include/touchgfx/Drawable.hpp:315:18:virtual void touchgfx::Drawable::setX(int16_t)	0	static
../../Middlewares/ST/touchgfx/framework/include/touchgfx/Drawable.hpp:327:18:virtual void touchgfx::Drawable::setY(int16_t)	0	static
../../Middlewares/ST/touchgfx/framework/include/touchgfx/Drawable.hpp:356:18:virtual void touchgfx::Drawable::setWidth(int16_t)	0	static
../../Middlewares/ST/touchgfx/framework/include/touchgfx/Drawable.hpp:368:18:virtual void touchgfx::Drawable::setHeight(int16_t)	0	static
../../Middlewares/ST/touchgfx/framework/include/touchgfx/Drawable.hpp:378:18:virtual void touchgfx::Drawable::childGeometryChanged()	0	static
../../Middlewares/ST/touchgfx/framework/include/touchgfx/Drawable.hpp:389:18:virtual void touchgfx::Drawable::handleClickEvent(const touchgfx::ClickEvent&)	0	static
../../Middlewares/ST/touchgfx/framework/include/touchgfx/Drawable.hpp:401:18:virtual void touchgfx::Drawable::handleGestureEvent(const touchgfx::GestureEvent&)	0	static
../../Middlewares/ST/touchgfx/framework/include/touchgfx/Drawable.hpp:490:18:virtual void touchgfx::Drawable::handleDragEvent(const touchgfx::DragEvent&)	0	static
../../Middlewares/ST/touchgfx/framework/include/touchgfx/Drawable.hpp:501:18:virtual void touchgfx::Drawable::handleTickEvent()	0	static
../../Middlewares/ST/touchgfx/framework/include/touchgfx/Drawable.hpp:588:18:virtual void touchgfx::Drawable::moveTo(int16_t, int16_t)	4	static
../../Middlewares/ST/touchgfx/framework/include/touchgfx/containers/Container.hpp:165:23:virtual touchgfx::Drawable* touchgfx::Container::getFirstChild()	0	static
../../TouchGFX/generated/gui_generated/include/gui_generated/containers/menu_gamesBase.hpp:21:18:virtual void menu_gamesBase::backMenu()	0	static
../../TouchGFX/generated/gui_generated/include/gui_generated/containers/menu_gamesBase.hpp:25:18:virtual void menu_gamesBase::runGame2()	0	static
../../Middlewares/ST/touchgfx/framework/include/touchgfx/Callback.hpp:357:8:touchgfx::Callback<menu_gamesBase, const touchgfx::AbstractButton&>::~Callback()	0	static
C:/TouchGFXProjects/Teste_pixel/TouchGFX/generated/gui_generated/src/containers/menu_gamesBase.cpp:37:1:menu_gamesBase::~menu_gamesBase()	0	static
C:/TouchGFXProjects/Teste_pixel/TouchGFX/generated/gui_generated/src/containers/menu_gamesBase.cpp:42:6:virtual void menu_gamesBase::initialize()	0	static
../../Middlewares/ST/touchgfx/framework/include/touchgfx/Callback.hpp:386:18:void touchgfx::Callback<dest_type, T1, void, void>::execute(T1) [with dest_type = menu_gamesBase; T1 = const touchgfx::AbstractButton&]	8	static
../../Middlewares/ST/touchgfx/framework/include/touchgfx/Callback.hpp:396:18:bool touchgfx::Callback<dest_type, T1, void, void>::isValid() const [with dest_type = menu_gamesBase; T1 = const touchgfx::AbstractButton&]	0	static
../../Middlewares/ST/touchgfx/framework/include/touchgfx/Callback.hpp:357:8:virtual touchgfx::Callback<menu_gamesBase, const touchgfx::AbstractButton&>::~Callback()	8	static
C:/TouchGFXProjects/Teste_pixel/TouchGFX/generated/gui_generated/src/containers/menu_gamesBase.cpp:37:1:virtual menu_gamesBase::~menu_gamesBase()	8	static
C:/TouchGFXProjects/Teste_pixel/TouchGFX/generated/gui_generated/src/containers/menu_gamesBase.cpp:47:6:void menu_gamesBase::buttonCallbackHandler(const touchgfx::AbstractButton&)	16	static
../../Middlewares/ST/touchgfx/framework/include/touchgfx/Drawable.hpp:121:18:virtual void touchgfx::Drawable::invalidateContent() const	0	static
../../Middlewares/ST/touchgfx/framework/include/touchgfx/Drawable.hpp:343:10:void touchgfx::Drawable::setXY(int16_t, int16_t)	16	static
C:/TouchGFXProjects/Teste_pixel/TouchGFX/generated/gui_generated/src/containers/menu_gamesBase.cpp:7:1:menu_gamesBase::menu_gamesBase()	72	static
